// Jest Snapshot v1, https://goo.gl/fbAQLP

exports[`<Input /> should render 1`] = `
<input
  class="input full"
  type="text"
/>
`;

exports[`<Input /> with addons 1`] = `
<div
  class="inputWrapper"
>
  <span
    class="addon"
  >
    before
  </span>
  <input
    class="input withAddons"
    type="text"
  />
  <span
    class="addon"
  >
    after
  </span>
</div>
`;
